class,c cnt,c avg,c std,s1 cnt,s1 avg,s1 std,s2 cnt,s2 avg,s2 std,s3 cnt,s3 avg,s3 std,s4 cnt,s4 avg,s4 std
Sphingoid base,0,0.0,0.0,1,251405834.813,0.0,1,136605834.813,0.0,1,247272501.479,0.0,1,139322501.479,0.0
Neutral glycerolipid,0,0.0,0.0,1,44097281.4607,0.0,1,70597281.4607,0.0,1,69797281.4607,0.0,1,23947961.0956,0.0
Cardiolipin,5,705.299647969,1223.91446087,16,1277426900.46,1822860825.77,16,1946587228.99,3088780703.03,16,1420996939.5,1944639915.02,16,2697024670.92,5245862421.67
